error: #[musli(default)] variant must be empty
 --> tests/ui/illegal_fallback_variant_error.rs:6:5
  |
6 |     #[musli(default)]
  |     ^

error: #[musli(default)] only one fallback variant is supported
  --> tests/ui/illegal_fallback_variant_error.rs:17:5
   |
17 |     #[musli(default)]
   |     ^
